// Jest Snapshot v1, https://goo.gl/fbAQLP

exports[`ForecastSummaries renders correctly 1`] = `
<DocumentFragment>
  <div
    class="forecast-summaries"
  />
</DocumentFragment>
`;
